// Jest Snapshot v1, https://goo.gl/fbAQLP

exports[`matches snapshot 1`] = `
<DocumentFragment>
  <div
    class="Board-title"
  >
    <h1>
      YOU WIN!
    </h1>
  </div>
</DocumentFragment>
`;
